Evaluating derivatives 0..8 with finite-sum quadrature
{
  "status": "contraction_and_cusp_checks_passed",
  "eta": {
    "enclosure": "[9.09825057604891992828112744073e-88 +/- 3.08e-118]",
    "mid_man_exp": [
      17002589379571764292070386104116889351255895229308971450008462835879195952288545947231072344011356925700334327,
      -652
    ],
    "rad_man_exp": [
      0,
      0
    ]
  },
  "q": {
    "enclosure": "[5.40745033687897253546170365794e-13 +/- 7.15e-44]",
    "mid_man_exp": [
      714925464226137068179144266691874074467490802070085201843882166770956684043758369936184290978372261429502021211,
      -409
    ],
    "rad_man_exp": [
      0,
      0
    ]
  },
  "root_radius": {
    "enclosure": "[9.09825057605383976209537660491e-88 +/- 1.66e-118]",
    "mid_man_exp": [
      1088165720293181334901582661984490028513090937883478039533176758617312891082643944306559598636737930225468042041,
      -658
    ],
    "rad_man_exp": [
      0,
      0
    ]
  },
  "geometry": {
    "lambda_quadratic_exact": "2",
    "lambda_cubic": {
      "enclosure": "[1.90838425019905754313307001518 +/- 4.03e-30]",
      "mid_man_exp": [
        573685974513587169369766332897272126712309390111741345464520108708935412509472556744482026707128718344733414741,
        -367
      ],
      "rad_man_exp": [
        886476277,
        -284
      ]
    },
    "second_control": "mu",
    "second_control_cubic": {
      "enclosure": "[-1.83085359400849016699412122807 +/- 2.00e-30]",
      "mid_man_exp": [
        -113815754345598985986318676825792672177570489483707787301995883729319657907354329571661,
        -285
      ],
      "rad_man_exp": [
        768825245,
        -285
      ]
    },
    "semicubical_ratio": {
      "enclosure": "[0.419003110336725667688720767187 +/- 5.05e-32]",
      "mid_man_exp": [
        251915941616763678307057372038771434812596399084964736677455492584039167215857575335825727343376899192153824343,
        -368
      ],
      "rad_man_exp": [
        703803235,
        -286
      ]
    },
    "F_second_control": {
      "enclosure": "[-6.07299708182850632348658735727e-14 +/- 4.44e-44]",
      "mid_man_exp": [
        -321167277551079671441647554149925135259064539800734199041640589873309171560878109944604913051890661246811514497,
        -411
      ],
      "rad_man_exp": [
        465256639,
        -332
      ]
    },
    "control_determinant": {
      "enclosure": "[-5.06431866438729030880026896166e-27 +/- 4.46e-57]",
      "mid_man_exp": [
        -942321386867120594687074539454490593823805999260098520883485946005947209861360212567723272705118413588766025557,
        -456
      ],
      "rad_man_exp": [
        329077387,
        -372
      ]
    },
    "G_determinant_at_root": {
      "enclosure": "[-1.68926961030182926176282633335e-39 +/- 4.81e-69]",
      "mid_man_exp": [
        -345602454785398972994032092151325877149804182490436026228922908479632603261466377570184495134921838153621315129,
        -496
      ],
      "rad_man_exp": [
        902948247,
        -414
      ]
    },
    "G_determinant_direct_enclosure": {
      "enclosure": "[-1.68926961030182926176282633335e-39 +/- 4.81e-69]",
      "mid_man_exp": [
        -691204909570797945988064184302651754299608364980872052457845816959265206522932755140368990269843676288858821389,
        -497
      ],
      "rad_man_exp": [
        993895885,
        -410
      ]
    },
    "scope": "Taylor jets at the proved cusp; no explicit finite neighborhood or remainder constant is certified here."
  },
  "elapsed_seconds": 0.5970609160140157
}
