integral solve 80 -0.015625 2.48643532077589e-39
integral solve 80 -0.0156097412109375 2.48644077817049e-39
integral solve 80 -0.015594482421875 2.48644623557722e-39
integral solve 80 -0.01561737060546875 2.48643804947167e-39
integral solve 80 -0.01171875 2.48783280987568e-39
integral solve 80 -0.0117340087890625 2.48782734938639e-39
integral solve 80 -0.0117034912109375 2.48783827037711e-39
integral solve 80 -0.01172637939453125 2.48783007962952e-39
integral solve 80 -0.01171112060546875 2.48783554012488e-39
integral solve 80 -0.0078125 2.48923109455246e-39
integral solve 80 -0.0078277587890625 2.48922563095456e-39
integral solve 80 -0.0077972412109375 2.48923655816251e-39
integral solve 80 -0.00782012939453125 2.48922836275199e-39
integral solve 80 -0.00780487060546875 2.48923382635597e-39
integral solve 80 -0.00390625 2.49063017526391e-39
integral solve 80 -0.0039215087890625 2.49062470855561e-39
integral solve 80 -0.0038909912109375 2.49063564198437e-39
integral solve 80 -0.00391387939453125 2.49062744190824e-39
integral solve 80 -0.00389862060546875 2.49063290862262e-39
integral solve 80 0.0 2.49203005246799e-39
integral solve 80 -0.0000152587890625 2.49202458264749e-39
integral solve 80 -0.000030517578125 2.49201911283916e-39
integral solve 80 -0.00000762939453125 2.49202731755622e-39
integral solve 110 -0.015625 2.48643532077589e-39
integral solve 110 -0.0156097412109375 2.48644077817049e-39
integral solve 110 -0.015594482421875 2.48644623557722e-39
integral solve 110 -0.01561737060546875 2.48643804947167e-39
integral solve 110 -0.01171875 2.48783280987568e-39
integral solve 110 -0.0117340087890625 2.48782734938639e-39
integral solve 110 -0.0117034912109375 2.48783827037711e-39
integral solve 110 -0.01172637939453125 2.48783007962952e-39
integral solve 110 -0.01171112060546875 2.48783554012488e-39
integral solve 110 -0.0078125 2.48923109455246e-39
integral solve 110 -0.0078277587890625 2.48922563095456e-39
integral solve 110 -0.0077972412109375 2.48923655816251e-39
integral solve 110 -0.00782012939453125 2.48922836275199e-39
integral solve 110 -0.00780487060546875 2.48923382635597e-39
integral solve 110 -0.00390625 2.49063017526391e-39
integral solve 110 -0.0039215087890625 2.49062470855561e-39
integral solve 110 -0.0038909912109375 2.49063564198437e-39
integral solve 110 -0.00391387939453125 2.49062744190824e-39
integral solve 110 -0.00389862060546875 2.49063290862262e-39
integral solve 110 0.0 2.49203005246799e-39
integral solve 110 -0.0000152587890625 2.49202458264749e-39
integral solve 110 -0.000030517578125 2.49201911283916e-39
integral solve 110 -0.00000762939453125 2.49202731755622e-39
R29_independent_original_integral_checks_passed 4.505803988647396704427915101550706185174e-63
