cell 1 q [0.573294703848659992218017578125 +/- 1e-35] Cprime [-0.001 +/- 7.98e-4]
cell 29 q [0.579129766672849655151367187500 +/- 1e-35] Cprime [-0.001 +/- 3.53e-4]
cell 58 q [0.583836100064218044281005859375 +/- 1e-35] Cprime [+/- 1.04e-3]
{
  "status": "trial_passed",
  "cells": 3,
  "endpoints": {
    "quartic": {
      "C": {
        "enclosure": "[1.29460899168316557415603792413 +/- 1.74e-30]",
        "mid_man_exp": [
          10059986462954413463579505523908478347228215870649644828744300519132740811453467985261,
          -282
        ],
        "rad_man_exp": [
          543641547,
          -285
        ]
      },
      "certificate_sha256": "630ef25f8b7c449089b99fed63b5a2f40aa0a953da9b339469487331cffca158"
    },
    "sextic": {
      "C": {
        "enclosure": "[1.32690473189189066537293057718 +/- 1.92e-30]",
        "mid_man_exp": [
          4471660100524398875575529642703737865989803836066219136968979287215,
          -221
        ],
        "rad_man_exp": [
          263848885,
          -226
        ]
      },
      "certificate_sha256": "a4c513e9224950f8326ee555f480b62dc6299226f4b6ab67dfee33aa7b08ad3c"
    },
    "ratio": {
      "enclosure": "[1.02494632774544249932495079429 +/- 1.30e-30]",
      "mid_man_exp": [
        110529993330836119353888566091805589518093572797387847974756552830693,
        -226
      ],
      "rad_man_exp": [
        407617921,
        -227
      ]
    },
    "increase_percent": {
      "enclosure": "[2.49463277454424993249507942887 +/- 9.00e-32]",
      "mid_man_exp": [
        67255166555839004380512643593176670588624877680638951258552795845725,
        -224
      ],
      "rad_man_exp": [
        636903003,
        -221
      ]
    }
  },
  "elapsed_seconds": 0.6765350829809904
}
