rational ODE check 1 passed; lower 0.008520428176168344
rational ODE check 11 passed; lower 0.00790712766066584
rational ODE check 21 passed; lower 0.007317078998015368
rational ODE check 31 passed; lower 0.006759149705942323
rational ODE check 41 passed; lower 0.006237759019678373
rational ODE check 51 passed; lower 0.005757724731809053
rational ODE check 58 passed; lower 0.005446014172679978
{
  "status": "rational_ode_and_finite_width_checks_passed",
  "cells_checked": 58,
  "certificate_sha256": "7755870df155973dbc086926300ea2ab3d3e74c2839c89c705833f25ad832924",
  "source_sha256": "873166fef492982971eee75d9e76cf9ba0cfa3e4815c37f3c56265a2546e502a",
  "rounding": "Exact Fraction endpoint operations, outward to a fixed 192-bit dyadic grid after each operation; no binary floating point in proof comparisons",
  "trust_boundary": "Saved integral and correlated derivative enclosures are input assumptions. Rebuilds the fourth-derivative numerator from 22 monomials and the fifth derivative from the fold ODE.",
  "independently_verified_normalized_rate_bounds": [
    "0.0003",
    "0.003"
  ],
  "third_lower_min_display": 0.005446014172679978,
  "third_upper_max_display": 0.01608774891308044
}
