Evaluating derivatives 0..8 with finite-sum quadrature
{
  "status": "contraction_and_cusp_checks_passed",
  "eta": {
    "enclosure": "[4.18329762000030849370915003119e-114 +/- 4.16e-144]",
    "mid_man_exp": [
      57127503681933314398638360031316769702237864502971293737719235416687716883646577815657613704248591198628891923163949475829949212575,
      -811
    ],
    "rad_man_exp": [
      0,
      0
    ]
  },
  "q": {
    "enclosure": "[5.40745033687897253546170365794e-13 +/- 7.15e-44]",
    "mid_man_exp": [
      52752188281430176050321728599897093569495603231501091063170428525674222124046254941925887372727531878796046124558353493443903739419,
      -475
    ],
    "rad_man_exp": [
      0,
      0
    ]
  },
  "root_radius": {
    "enclosure": "[4.18329762000257059112160482163e-114 +/- 2.11e-144]",
    "mid_man_exp": [
      57127503681964205812541369240178463089167156220776045010530882868072996775498602443075563144513161856728932209600771467254150291361,
      -811
    ],
    "rad_man_exp": [
      0,
      0
    ]
  },
  "geometry": {
    "lambda_quadratic_exact": "2",
    "lambda_cubic": {
      "enclosure": "[1.90838425019905754313307001518 +/- 4.03e-30]",
      "mid_man_exp": [
        42330553402115211939332939347003531697392206470745941468009768957456938066591374952272818334257614239463782211743405994723824194901,
        -433
      ],
      "rad_man_exp": [
        78840183,
        -368
      ]
    },
    "second_control": "mu",
    "second_control_cubic": {
      "enclosure": "[-1.83085359400849016699412122807 +/- 2.00e-30]",
      "mid_man_exp": [
        -2201516865716968741457219177750144955240838197619299540264931133128588651554786961769792625438040607427267225007,
        -369
      ],
      "rad_man_exp": [
        547013605,
        -372
      ]
    },
    "semicubical_ratio": {
      "enclosure": "[0.419003110336725667688720767187 +/- 5.05e-32]",
      "mid_man_exp": [
        74352462449471948539563609157760633501852671628602116989526007532134767644320922341497653328102170895174003203537870242116596807983,
        -436
      ],
      "rad_man_exp": [
        500750915,
        -373
      ]
    },
    "F_second_control": {
      "enclosure": "[-6.07299708182850632348658735727e-14 +/- 4.44e-44]",
      "mid_man_exp": [
        -5924490573834809644709688488286248113983399005095754010083693100358151513222968191244725343456864476949889647614409899481353476241,
        -475
      ],
      "rad_man_exp": [
        20689171,
        -415
      ]
    },
    "control_determinant": {
      "enclosure": "[-5.06431866438729030880026896166e-27 +/- 4.46e-57]",
      "mid_man_exp": [
        -69531045834883290125851816582473695074543733129830183766196035231504367667850968965077954666651349159669117730334317100972574044385,
        -522
      ],
      "rad_man_exp": [
        936544729,
        -461
      ]
    },
    "G_determinant_at_root": {
      "enclosure": "[-1.68926961030182926176282633335e-39 +/- 4.81e-69]",
      "mid_man_exp": [
        -51001920277376254178435962678055330181972085033122577422349631921007478408657270291696330527049658340231835724541518729840732487943,
        -563
      ],
      "rad_man_exp": [
        10038143,
        -495
      ]
    },
    "G_determinant_direct_enclosure": {
      "enclosure": "[-1.68926961030182926176282633335e-39 +/- 4.81e-69]",
      "mid_man_exp": [
        -51001920277376254178435962678055330181972085033122577422349631921007478408657270291696330527049658340231835724541710289760808403177,
        -563
      ],
      "rad_man_exp": [
        176787435,
        -495
      ]
    },
    "scope": "Taylor jets at the proved cusp; no explicit finite neighborhood or remainder constant is certified here."
  },
  "elapsed_seconds": 0.971811165996769
}
