Physical point 0.0 -0.5 C [1.2948783357217610067098498167893106433342477134281 +/- 9.48e-51]
Physical point 0.0 0.0 C [1.29460899168316557415603792413173853561691861229561 +/- 4.98e-51]
Physical point 0.0 0.5 C [1.2942047956481098803155228279376622159798519956345 +/- 3.57e-50]
Physical point -5.0 -0.5 C [1.3017290079643097974004898801535358334473655728999 +/- 7.51e-50]
Physical point -5.0 0.0 C [1.30146646151857877269485599519105805412637877210 +/- 3.62e-48]
Physical point -5.0 0.5 C [1.301072370404245793952077842520880225366229683 +/- 2.80e-46]
Physical point -10.0 -0.5 C [1.30797859791900625190615766562514632741811422 +/- 4.90e-45]
Physical point -10.0 0.0 C [1.30772355392765097072669621766212130843289810777 +/- 8.14e-48]
Physical point -10.0 0.5 C [1.30734067319997744595568205644620742033532 +/- 2.90e-42]
Physical point -15.0 -0.5 C [1.31369041515870699376126993474304895142425 +/- 1.16e-42]
Physical point -15.0 0.0 C [1.3134431693905494739881889367541434409349208511 +/- 9.60e-48]
Physical point -15.0 0.5 C [1.313071973108040680728477601760852408098 +/- 6.03e-40]
Physical point -20.0 -0.5 C [1.3189212622988907747263345832859461026973 +/- 6.04e-41]
Physical point -20.0 0.0 C [1.31868184559234789470223288996287001190278624906 +/- 7.74e-48]
Physical point -20.0 0.5 C [1.3183223988092615196857273203831621231137976671 +/- 4.56e-47]
Physical point -25.0 -0.5 C [1.32372159547050479411783133726933303799 +/- 5.02e-39]
Physical point -25.0 0.0 C [1.3234898700462427038228436369735503773572813968 +/- 2.64e-47]
Physical point -25.0 0.5 C [1.3231419773142055904891058105609712582118116503 +/- 4.08e-47]
Physical point -29.0 -0.5 C [1.32728202618977542390739475895241734122 +/- 4.13e-39]
Physical point -29.0 0.0 C [1.3270562830583610320467862611308221429268160890 +/- 6.33e-47]
Physical point -29.0 0.5 C [1.3267173821685461061570932174747659720467702429 +/- 8.10e-47]
