Shift integrals: 27 passed
Transition 1 / 28 passed
Transition 2 / 28 passed
Transition 3 / 28 passed
Transition 4 / 28 passed
Transition 5 / 28 passed
Transition 6 / 28 passed
Transition 7 / 28 passed
Transition 8 / 28 passed
Transition 9 / 28 passed
Transition 10 / 28 passed
Transition 11 / 28 passed
Transition 12 / 28 passed
Transition 13 / 28 passed
Transition 14 / 28 passed
Transition 15 / 28 passed
Transition 16 / 28 passed
Transition 17 / 28 passed
Transition 18 / 28 passed
Transition 19 / 28 passed
Transition 20 / 28 passed
Transition 21 / 28 passed
Transition 22 / 28 passed
Transition 23 / 28 passed
Transition 24 / 28 passed
Transition 25 / 28 passed
Transition 26 / 28 passed
Transition 27 / 28 passed
Transition 28 / 28 passed
certified_finite_slope_near_minimum_design
lower [9.17873080978808354103016970677616675114943819364825767404213402335540377908e-10 +/- 5.83e-85] upper [9.1787652568239933867232034923724955686597514010011768715235756259664761645467570864672188257657155577295959858e-10 +/- 4.75e-120] slope [1.9910351816132332935060506936272343684777303630504216910051696346559997270388619613675341095864601716867358307e-5 +/- 3.89e-115]
relative gap [3.75868960009155078390576614361541140306675079739782759507447369520849222421906087495234090534608553940813e-6 +/- 4.29e-111]
g4 [-9.7211882316409241318971080e-13 +/- 4.39e-39] rank [-4.2499376508789219893127948e-40 +/- 4.13e-66]
