Evaluating derivatives 0..8 with finite-sum quadrature
{
  "status": "contraction_and_cusp_checks_passed",
  "eta": {
    "enclosure": "[1.12472945127521717597965779989e-70 +/- 1.79e-101]",
    "mid_man_exp": [
      466708236884548985111357635927411385351499920979065727753971126936976057757967928231234467436510368959828988177,
      -600
    ],
    "rad_man_exp": [
      0,
      0
    ]
  },
  "q": {
    "enclosure": "[2.76809990519146666621743345429e-12 +/- 1.69e-42]",
    "mid_man_exp": [
      914934482267270147106292249530128053485145279138413068059751222784917515704646335633789314937917738753303676601,
      -407
    ],
    "rad_man_exp": [
      0,
      0
    ]
  },
  "root_radius": {
    "enclosure": "[1.12472945127833053946710739698e-70 +/- 3.47e-100]",
    "mid_man_exp": [
      466708236885840880137633408633778232936882839098732176838694241830857539275745733553501826115547124134076013759,
      -600
    ],
    "rad_man_exp": [
      0,
      0
    ]
  },
  "geometry": {
    "lambda_quadratic_exact": "2",
    "lambda_cubic": {
      "enclosure": "[3.73685218372885054928015417426 +/- 4.95e-30]",
      "mid_man_exp": [
        280837007328594990220137035193917315438971372501936398398446572270716276490481100810418912839734083443689346389,
        -365
      ],
      "rad_man_exp": [
        756719943,
        -226
      ]
    },
    "second_control": "nu",
    "second_control_cubic": {
      "enclosure": "[6.54093997253020173901653253394 +/- 3.85e-30]",
      "mid_man_exp": [
        176343392812448009785027591039900530509629139289986830513005321515311,
        -224
      ],
      "rad_man_exp": [
        73050859,
        -222
      ]
    },
    "semicubical_ratio": {
      "enclosure": "[5.34798696553042453502442664052 +/- 2.39e-30]",
      "mid_man_exp": [
        803838407722727568210540364655459678847095349009938230214633467396001377904945017036694491484397098639742958283,
        -366
      ],
      "rad_man_exp": [
        477821287,
        -224
      ]
    },
    "F_second_control": {
      "enclosure": "[5.13968140611247722258373418095e-15 +/- 4.90e-45]",
      "mid_man_exp": [
        869789970224873159038115078242033938010508563978257877503292589372009493622280179542218031803885482486604867867,
        -416
      ],
      "rad_man_exp": [
        204983433,
        -279
      ]
    },
    "control_determinant": {
      "enclosure": "[1.29590696875695394141724123246e-28 +/- 2.44e-58]",
      "mid_man_exp": [
        192904267361708297908617470001441036877952034525849646277814878011450265356620641541616022880470315877588316383,
        -459
      ],
      "rad_man_exp": [
        917322257,
        -321
      ]
    },
    "G_determinant_at_root": {
      "enclosure": "[1.30698752625063796969694771346e-41 +/- 2.45e-71]",
      "mid_man_exp": [
        171131227722650020144867953996160947789728103422149897850012125670133715243009426834000135516443855382071798871,
        -502
      ],
      "rad_man_exp": [
        200925445,
        -361
      ]
    },
    "G_determinant_direct_enclosure": {
      "enclosure": "[1.30698752625063796969694771346e-41 +/- 2.45e-71]",
      "mid_man_exp": [
        342262455445300040289735907992321895579456206844299795700024251340267391523030330553294003855644273428333219155,
        -503
      ],
      "rad_man_exp": [
        63124407,
        -356
      ]
    },
    "scope": "Taylor jets at the proved cusp; no explicit finite neighborhood or remainder constant is certified here."
  },
  "elapsed_seconds": 0.33606275000056485
}
