Sign proof: 28 crossings, 113 sign leaves
Smooth moment error bounds: ['[4.2595884112332942079268511907460800486444282850346756379543110922865416478081165414853655522107276817216353840e-16 +/- 7.91e-127]', '[5.5729357025522245290898922403750252665253035826392379305530823434402806077206592402629170306319893214136529973e-17 +/- 3.39e-127]', '[1.4997595279613443122790626138836283002198738048930706169407266845025993169986148795233603817272148069794902640e-17 +/- 4.91e-127]', '[5.1739884344251463972732940440039651388983617701753410624991201354829919817682739664329086574712756096079916898e-18 +/- 2.55e-128]']
Integrated segment 1 / 29
Integrated segment 2 / 29
Integrated segment 3 / 29
Integrated segment 4 / 29
Integrated segment 5 / 29
Integrated segment 6 / 29
Integrated segment 7 / 29
Integrated segment 8 / 29
Integrated segment 9 / 29
Integrated segment 10 / 29
Integrated segment 11 / 29
Integrated segment 12 / 29
Integrated segment 13 / 29
Integrated segment 14 / 29
Integrated segment 15 / 29
Integrated segment 16 / 29
Integrated segment 17 / 29
Integrated segment 18 / 29
Integrated segment 19 / 29
Integrated segment 20 / 29
Integrated segment 21 / 29
Integrated segment 22 / 29
Integrated segment 23 / 29
Integrated segment 24 / 29
Integrated segment 25 / 29
Integrated segment 26 / 29
Integrated segment 27 / 29
Integrated segment 28 / 29
Integrated segment 29 / 29
Minimum norm lower: [9.17870796038273878823440475269428278700436795651536702556965931035290553831e-10 +/- 5.62e-85]
Smooth feasible upper: 9.1787079608362455155113866246332610902284333809480337817987560811161529272794723510742187500000000000000000000e-10
Relative gap: [4.940855828885869686293969100165199135824153939607153881560377021e-11 +/- 5.16e-75]
Fourth derivative: [-9.7211885377e-13 +/- 7.98e-24]
Control determinant: [-4.2499377714e-40 +/- 4.55e-51]
