{
  "status": "R22_fourth_order_evidence_and_preservation_passed",
  "prior_manifests": 22,
  "prior_frozen_file_entries": 968,
  "exact_algebra_check_groups": 12,
  "sample_budgets": 16,
  "rational_interval_records": 132,
  "independent_precision_runs": 32,
  "independent_values_compared": 132,
  "sampled_smooth_budgets_with_lower_approximation_error": 12,
  "exact_replay_outputs_byte_identical": 2,
  "general_equation_blocks": 18,
  "example_equation_blocks": 8,
  "scientific_figures": 1,
  "figure_panels": 3,
  "theta_fourth_order_certificate": false,
  "uniform_numerical_fourth_order_remainder_bound": false,
  "previous_frozen_packages_modified": false,
  "manuscript_modified": false,
  "formal_proof": false,
  "external_referee_review": false,
  "novelty_priority_established": false,
  "public_release_or_submission": false,
  "audit_source_sha256": "847394b69a21565fc8217c3bea412a71cfbc9bba6c8c537aa430921884205593",
  "trust_boundary": "Exact finite algebra, pointwise rational enclosures, reproducibility and recorded numerical comparisons. Analytic remainders and originality are not automatically certified."
}
