{
  "status": "R21_finite_slope_evidence_and_preservation_passed",
  "prior_manifests": 21,
  "prior_frozen_file_entries": 943,
  "exact_algebra_check_groups": 8,
  "rational_example_widths": 6,
  "rational_interval_records": 66,
  "independent_precision_solves": 12,
  "independent_values_compared": 42,
  "exact_replay_outputs_byte_identical": 2,
  "general_equation_blocks": 17,
  "example_equation_blocks": 12,
  "scientific_figures": 1,
  "figure_panels": 3,
  "figure_formats": [
    "PNG",
    "SVG"
  ],
  "previous_frozen_packages_modified": false,
  "manuscript_modified": false,
  "formal_proof": false,
  "external_referee_review": false,
  "novelty_priority_established": false,
  "new_theta_optimum_certificate": false,
  "general_fourth_order_coefficient": false,
  "public_release_or_submission": false,
  "audit_source_sha256": "78f38a9ecdef82f09c26a58aa5b30bc60044b46529e4936203ee7d61723fbd17",
  "trust_boundary": "Analytic proof recorded separately. This audit verifies provenance, exact finite algebra, reproducible rational enclosures and recorded numerical comparisons; it does not automatically certify the theorem or originality."
}
